CompileUnit start{
  Function int main()
    Block {
      Declaration const int[] $arr
      Assignment (
        LValue $arr:[
          IntLiteral 1000
        ]
        IntLiteral -1342177281
      )
      Return
        IntLiteral 0
    }
}CompileUnit end
def int main (  ) {
B0
  alloca int* _T0 = 20000
  int _T1 = 1000
  int* _T2 = elementptr: int* _T0[int _T1]
  int _T3 = -1342177281
  store *(int* _T2 + 0) = int _T3
  int _T4 = 0
  return int _T4
B1
  int _T5 = 0
  return int _T5
}

    .option pic
    .attribute unaligned_access, 0
    .attribute stack_align, 16
    .attribute arch, "rv64i2p1_m2p0_a2p1_f2p2_d2p2_c2p0_zicsr2p0_zifencei2p0_zba1p0_zbb1p0"
    .align 3
    .globl main
    .text
__create_threads:
    li a5, 3
.Label1:
    li a0, 273
    mv a1, sp
    li a2, 0
    li a3, 0
    li a4, 0
    li a7, 220
    ecall
    li a1, -1
    beq a0, a1, .Label1
    beqz a0, .Label2
    addi a5, a5, -1
    bnez a5, .Label1
.Label2:
    mv a0, a5
    ret

__join_threads:
    li a1, 3
    mv a5, a0
    beq a0, a1, .Label3
.Label4:
    li a0, 0
    li a1, 0
    li a2, 0
    li a3, 4
    li a7, 95
    ecall
    li a3, -1
    beq a3, a0, .Label4
    bnez a5, .Label3
.sleep:
    li a0, 0
    sd a0, -16(sp)
    li a0, 1
    slli a0, a0, 29
    sd a0, -8(sp)
    addi sp, sp, -16
    mv a0, sp
    li a7, 101
    addi sp, sp, 16
    ecall
    bnez a0, .sleep
    ret
.Label3:
    li a0, 0
    li a7, 93
    ecall

    .align 1
main:
.entry_main:
    sd fp, -8(sp)
    sd ra, -16(sp)
    li t0, 20016
    sub sp, sp, t0
    add fp, sp, t0
    addi t2, sp, 0
    li t0, 4000
    li t1, -1342177281
    li a0, 0
    add t0, t0, t2
    sw t1, 0(t0)
    j .exit_main
.L0:
    addi t2, sp, 0
    li t0, 4000
    li t1, -1342177281
    li a0, 0
    add t0, t0, t2
    sw t1, 0(t0)
    j .exit_main
.exit_main:
    li t0, 20016
    add sp, sp, t0
    ld fp, -8(sp)
    ld ra, -16(sp)
    ret
